// Jest Snapshot v1, https://goo.gl/fbAQLP

exports[`<Main /> should render the heading 1`] = `
<main
  class="styles__Wrapper-sc-1o8911b-0 boKgmX"
>
  <img
    alt="Imagem de um átomo e React Avançado escrito ao lado."
    class="styles__Logo-sc-1o8911b-1 KsCNg"
    src="/logo.svg"
  />
  <h1
    class="styles__Title-sc-1o8911b-2 ixLEEe"
  >
    React Avançado
  </h1>
  <h2
    class="styles__Description-sc-1o8911b-3 ijWZqB"
  >
    Typescript, ReactJS, NextJS e Styled Components
  </h2>
  <img
    alt="Um desenvolvedor de frente para uma tela com código."
    class="styles__Illustration-sc-1o8911b-4 ObWfw"
    src="/hero-illustration.svg"
  />
</main>
`;
